Archive member included to satisfy reference by file (symbol)

c:/program files (x86)/atollic/truestudio for arm 6.0.0/armtools/bin/../lib/gcc/arm-atollic-eabi/5.3.1/../../../../arm-atollic-eabi/lib/armv6-m\libc.a(lib_a-init.o)
                              startup\startup_stm32f030x6.o (__libc_init_array)
c:/program files (x86)/atollic/truestudio for arm 6.0.0/armtools/bin/../lib/gcc/arm-atollic-eabi/5.3.1/../../../../arm-atollic-eabi/lib/armv6-m\libc.a(lib_a-memcpy-stub.o)
                              Drivers\STM32F0xx_HAL_Driver\Src\stm32f0xx_hal_rcc.o (memcpy)
c:/program files (x86)/atollic/truestudio for arm 6.0.0/armtools/bin/../lib/gcc/arm-atollic-eabi/5.3.1/armv6-m\libgcc.a(_thumb1_case_uqi.o)
                              Drivers\STM32F0xx_HAL_Driver\Src\stm32f0xx_hal_dma.o (__gnu_thumb1_case_uqi)
c:/program files (x86)/atollic/truestudio for arm 6.0.0/armtools/bin/../lib/gcc/arm-atollic-eabi/5.3.1/armv6-m\libgcc.a(_udivsi3.o)
                              Drivers\STM32F0xx_HAL_Driver\Src\stm32f0xx_hal.o (__aeabi_uidiv)
c:/program files (x86)/atollic/truestudio for arm 6.0.0/armtools/bin/../lib/gcc/arm-atollic-eabi/5.3.1/armv6-m\libgcc.a(_dvmd_tls.o)
                              c:/program files (x86)/atollic/truestudio for arm 6.0.0/armtools/bin/../lib/gcc/arm-atollic-eabi/5.3.1/armv6-m\libgcc.a(_udivsi3.o) (__aeabi_idiv0)
c:/program files (x86)/atollic/truestudio for arm 6.0.0/armtools/bin/../lib/gcc/arm-atollic-eabi/5.3.1/armv6-m\libgcc.a(_lshrdi3.o)
                              Drivers\STM32F0xx_HAL_Driver\Src\stm32f0xx_hal_flash.o (__aeabi_llsr)

Allocating common symbols
Common symbol       size              file

keyboard            0x44              Src\main.o
uwTick              0x4               Drivers\STM32F0xx_HAL_Driver\Src\stm32f0xx_hal.o
pFlash              0x20              Drivers\STM32F0xx_HAL_Driver\Src\stm32f0xx_hal_flash.o

Discarded input sections

 .text          0x00000000        0x0 c:/program files (x86)/atollic/truestudio for arm 6.0.0/armtools/bin/../lib/gcc/arm-atollic-eabi/5.3.1/armv6-m/crti.o
 .data          0x00000000        0x0 c:/program files (x86)/atollic/truestudio for arm 6.0.0/armtools/bin/../lib/gcc/arm-atollic-eabi/5.3.1/armv6-m/crti.o
 .bss           0x00000000        0x0 c:/program files (x86)/atollic/truestudio for arm 6.0.0/armtools/bin/../lib/gcc/arm-atollic-eabi/5.3.1/armv6-m/crti.o
 .data          0x00000000        0x4 c:/program files (x86)/atollic/truestudio for arm 6.0.0/armtools/bin/../lib/gcc/arm-atollic-eabi/5.3.1/armv6-m/crtbegin.o
 .text          0x00000000        0x0 Drivers\STM32F0xx_HAL_Driver\Src\stm32f0xx_hal.o
 .data          0x00000000        0x0 Drivers\STM32F0xx_HAL_Driver\Src\stm32f0xx_hal.o
 .bss           0x00000000        0x0 Drivers\STM32F0xx_HAL_Driver\Src\stm32f0xx_hal.o
 .text.HAL_MspInit
                0x00000000        0x2 Drivers\STM32F0xx_HAL_Driver\Src\stm32f0xx_hal.o
 .text.HAL_MspDeInit
                0x00000000        0x2 Drivers\STM32F0xx_HAL_Driver\Src\stm32f0xx_hal.o
 .text.HAL_DeInit
                0x00000000       0x24 Drivers\STM32F0xx_HAL_Driver\Src\stm32f0xx_hal.o
 .text.HAL_Delay
                0x00000000       0x20 Drivers\STM32F0xx_HAL_Driver\Src\stm32f0xx_hal.o
 .text.HAL_SuspendTick
                0x00000000       0x10 Drivers\STM32F0xx_HAL_Driver\Src\stm32f0xx_hal.o
 .text.HAL_ResumeTick
                0x00000000       0x10 Drivers\STM32F0xx_HAL_Driver\Src\stm32f0xx_hal.o
 .text.HAL_GetHalVersion
                0x00000000        0x8 Drivers\STM32F0xx_HAL_Driver\Src\stm32f0xx_hal.o
 .text.HAL_GetREVID
                0x00000000        0xc Drivers\STM32F0xx_HAL_Driver\Src\stm32f0xx_hal.o
 .text.HAL_GetDEVID
                0x00000000       0x10 Drivers\STM32F0xx_HAL_Driver\Src\stm32f0xx_hal.o
 .text.HAL_GetUIDw0
                0x00000000        0xc Drivers\STM32F0xx_HAL_Driver\Src\stm32f0xx_hal.o
 .text.HAL_GetUIDw1
                0x00000000        0xc Drivers\STM32F0xx_HAL_Driver\Src\stm32f0xx_hal.o
 .text.HAL_GetUIDw2
                0x00000000        0xc Drivers\STM32F0xx_HAL_Driver\Src\stm32f0xx_hal.o
 .text.HAL_DBGMCU_EnableDBGStopMode
                0x00000000       0x10 Drivers\STM32F0xx_HAL_Driver\Src\stm32f0xx_hal.o
 .text.HAL_DBGMCU_DisableDBGStopMode
                0x00000000       0x10 Drivers\STM32F0xx_HAL_Driver\Src\stm32f0xx_hal.o
 .text.HAL_DBGMCU_EnableDBGStandbyMode
                0x00000000       0x10 Drivers\STM32F0xx_HAL_Driver\Src\stm32f0xx_hal.o
 .text.HAL_DBGMCU_DisableDBGStandbyMode
                0x00000000       0x10 Drivers\STM32F0xx_HAL_Driver\Src\stm32f0xx_hal.o
 .text          0x00000000        0x0 Drivers\STM32F0xx_HAL_Driver\Src\stm32f0xx_hal_cortex.o
 .data          0x00000000        0x0 Drivers\STM32F0xx_HAL_Driver\Src\stm32f0xx_hal_cortex.o
 .bss           0x00000000        0x0 Drivers\STM32F0xx_HAL_Driver\Src\stm32f0xx_hal_cortex.o
 .text.HAL_NVIC_DisableIRQ
                0x00000000       0x14 Drivers\STM32F0xx_HAL_Driver\Src\stm32f0xx_hal_cortex.o
 .text.HAL_NVIC_SystemReset
                0x00000000       0x1c Drivers\STM32F0xx_HAL_Driver\Src\stm32f0xx_hal_cortex.o
 .text.HAL_NVIC_GetPriority
                0x00000000       0x44 Drivers\STM32F0xx_HAL_Driver\Src\stm32f0xx_hal_cortex.o
 .text.HAL_NVIC_SetPendingIRQ
                0x00000000       0x14 Drivers\STM32F0xx_HAL_Driver\Src\stm32f0xx_hal_cortex.o
 .text.HAL_NVIC_GetPendingIRQ
                0x00000000       0x18 Drivers\STM32F0xx_HAL_Driver\Src\stm32f0xx_hal_cortex.o
 .text.HAL_NVIC_ClearPendingIRQ
                0x00000000       0x18 Drivers\STM32F0xx_HAL_Driver\Src\stm32f0xx_hal_cortex.o
 .text          0x00000000        0x0 Drivers\STM32F0xx_HAL_Driver\Src\stm32f0xx_hal_dma.o
 .data          0x00000000        0x0 Drivers\STM32F0xx_HAL_Driver\Src\stm32f0xx_hal_dma.o
 .bss           0x00000000        0x0 Drivers\STM32F0xx_HAL_Driver\Src\stm32f0xx_hal_dma.o
 .text.HAL_DMA_Init
                0x00000000       0x6c Drivers\STM32F0xx_HAL_Driver\Src\stm32f0xx_hal_dma.o
 .text.HAL_DMA_DeInit
                0x00000000       0x4c Drivers\STM32F0xx_HAL_Driver\Src\stm32f0xx_hal_dma.o
 .text.HAL_DMA_Start
                0x00000000       0x58 Drivers\STM32F0xx_HAL_Driver\Src\stm32f0xx_hal_dma.o
 .text.HAL_DMA_Start_IT
                0x00000000       0x78 Drivers\STM32F0xx_HAL_Driver\Src\stm32f0xx_hal_dma.o
 .text.HAL_DMA_Abort
                0x00000000       0x2a Drivers\STM32F0xx_HAL_Driver\Src\stm32f0xx_hal_dma.o
 .text.HAL_DMA_Abort_IT
                0x00000000       0x46 Drivers\STM32F0xx_HAL_Driver\Src\stm32f0xx_hal_dma.o
 .text.HAL_DMA_PollForTransfer
                0x00000000       0xba Drivers\STM32F0xx_HAL_Driver\Src\stm32f0xx_hal_dma.o
 .text.HAL_DMA_IRQHandler
                0x00000000       0x92 Drivers\STM32F0xx_HAL_Driver\Src\stm32f0xx_hal_dma.o
 .text.HAL_DMA_RegisterCallback
                0x00000000       0x44 Drivers\STM32F0xx_HAL_Driver\Src\stm32f0xx_hal_dma.o
 .text.HAL_DMA_UnRegisterCallback
                0x00000000       0x4e Drivers\STM32F0xx_HAL_Driver\Src\stm32f0xx_hal_dma.o
 .text.HAL_DMA_GetState
                0x00000000        0x8 Drivers\STM32F0xx_HAL_Driver\Src\stm32f0xx_hal_dma.o
 .text.HAL_DMA_GetError
                0x00000000        0x4 Drivers\STM32F0xx_HAL_Driver\Src\stm32f0xx_hal_dma.o
 .debug_info    0x00000000      0x7ab Drivers\STM32F0xx_HAL_Driver\Src\stm32f0xx_hal_dma.o
 .debug_abbrev  0x00000000      0x1db Drivers\STM32F0xx_HAL_Driver\Src\stm32f0xx_hal_dma.o
 .debug_loc     0x00000000      0x6d3 Drivers\STM32F0xx_HAL_Driver\Src\stm32f0xx_hal_dma.o
 .debug_aranges
                0x00000000       0x78 Drivers\STM32F0xx_HAL_Driver\Src\stm32f0xx_hal_dma.o
 .debug_ranges  0x00000000       0xd8 Drivers\STM32F0xx_HAL_Driver\Src\stm32f0xx_hal_dma.o
 .debug_line    0x00000000      0x457 Drivers\STM32F0xx_HAL_Driver\Src\stm32f0xx_hal_dma.o
 .debug_str     0x00000000      0x610 Drivers\STM32F0xx_HAL_Driver\Src\stm32f0xx_hal_dma.o
 .comment       0x00000000       0x7f Drivers\STM32F0xx_HAL_Driver\Src\stm32f0xx_hal_dma.o
 .debug_frame   0x00000000      0x154 Drivers\STM32F0xx_HAL_Driver\Src\stm32f0xx_hal_dma.o
 .ARM.attributes
                0x00000000       0x31 Drivers\STM32F0xx_HAL_Driver\Src\stm32f0xx_hal_dma.o
 .text          0x00000000        0x0 Drivers\STM32F0xx_HAL_Driver\Src\stm32f0xx_hal_flash.o
 .data          0x00000000        0x0 Drivers\STM32F0xx_HAL_Driver\Src\stm32f0xx_hal_flash.o
 .bss           0x00000000        0x0 Drivers\STM32F0xx_HAL_Driver\Src\stm32f0xx_hal_flash.o
 .text.FLASH_SetErrorCode
                0x00000000       0x3c Drivers\STM32F0xx_HAL_Driver\Src\stm32f0xx_hal_flash.o
 .text.HAL_FLASH_Program_IT
                0x00000000       0x5c Drivers\STM32F0xx_HAL_Driver\Src\stm32f0xx_hal_flash.o
 .text.HAL_FLASH_EndOfOperationCallback
                0x00000000        0x2 Drivers\STM32F0xx_HAL_Driver\Src\stm32f0xx_hal_flash.o
 .text.HAL_FLASH_OperationErrorCallback
                0x00000000        0x2 Drivers\STM32F0xx_HAL_Driver\Src\stm32f0xx_hal_flash.o
 .text.HAL_FLASH_IRQHandler
                0x00000000      0x120 Drivers\STM32F0xx_HAL_Driver\Src\stm32f0xx_hal_flash.o
 .text.HAL_FLASH_Unlock
                0x00000000       0x24 Drivers\STM32F0xx_HAL_Driver\Src\stm32f0xx_hal_flash.o
 .text.HAL_FLASH_Lock
                0x00000000       0x14 Drivers\STM32F0xx_HAL_Driver\Src\stm32f0xx_hal_flash.o
 .text.HAL_FLASH_OB_Unlock
                0x00000000       0x28 Drivers\STM32F0xx_HAL_Driver\Src\stm32f0xx_hal_flash.o
 .text.HAL_FLASH_OB_Lock
                0x00000000       0x18 Drivers\STM32F0xx_HAL_Driver\Src\stm32f0xx_hal_flash.o
 .text.HAL_FLASH_GetError
                0x00000000        0xc Drivers\STM32F0xx_HAL_Driver\Src\stm32f0xx_hal_flash.o
 .text.FLASH_WaitForLastOperation
                0x00000000       0x54 Drivers\STM32F0xx_HAL_Driver\Src\stm32f0xx_hal_flash.o
 .text.HAL_FLASH_Program
                0x00000000       0x84 Drivers\STM32F0xx_HAL_Driver\Src\stm32f0xx_hal_flash.o
 .text.HAL_FLASH_OB_Launch
                0x00000000       0x20 Drivers\STM32F0xx_HAL_Driver\Src\stm32f0xx_hal_flash.o
 .debug_info    0x00000000      0x5d2 Drivers\STM32F0xx_HAL_Driver\Src\stm32f0xx_hal_flash.o
 .debug_abbrev  0x00000000      0x287 Drivers\STM32F0xx_HAL_Driver\Src\stm32f0xx_hal_flash.o
 .debug_loc     0x00000000      0x281 Drivers\STM32F0xx_HAL_Driver\Src\stm32f0xx_hal_flash.o
 .debug_aranges
                0x00000000       0x78 Drivers\STM32F0xx_HAL_Driver\Src\stm32f0xx_hal_flash.o
 .debug_ranges  0x00000000       0xb0 Drivers\STM32F0xx_HAL_Driver\Src\stm32f0xx_hal_flash.o
 .debug_line    0x00000000      0x3ee Drivers\STM32F0xx_HAL_Driver\Src\stm32f0xx_hal_flash.o
 .debug_str     0x00000000      0x4f4 Drivers\STM32F0xx_HAL_Driver\Src\stm32f0xx_hal_flash.o
 .comment       0x00000000       0x7f Drivers\STM32F0xx_HAL_Driver\Src\stm32f0xx_hal_flash.o
 .debug_frame   0x00000000      0x134 Drivers\STM32F0xx_HAL_Driver\Src\stm32f0xx_hal_flash.o
 .ARM.attributes
                0x00000000       0x31 Drivers\STM32F0xx_HAL_Driver\Src\stm32f0xx_hal_flash.o
 COMMON         0x00000000       0x20 Drivers\STM32F0xx_HAL_Driver\Src\stm32f0xx_hal_flash.o
 .text          0x00000000        0x0 Drivers\STM32F0xx_HAL_Driver\Src\stm32f0xx_hal_flash_ex.o
 .data          0x00000000        0x0 Drivers\STM32F0xx_HAL_Driver\Src\stm32f0xx_hal_flash_ex.o
 .bss           0x00000000        0x0 Drivers\STM32F0xx_HAL_Driver\Src\stm32f0xx_hal_flash_ex.o
 .text.FLASH_MassErase
                0x00000000       0x24 Drivers\STM32F0xx_HAL_Driver\Src\stm32f0xx_hal_flash_ex.o
 .text.FLASH_OB_RDP_LevelConfig
                0x00000000       0x60 Drivers\STM32F0xx_HAL_Driver\Src\stm32f0xx_hal_flash_ex.o
 .text.HAL_FLASHEx_OBErase
                0x00000000       0x5c Drivers\STM32F0xx_HAL_Driver\Src\stm32f0xx_hal_flash_ex.o
 .text.HAL_FLASHEx_OBProgram
                0x00000000      0x130 Drivers\STM32F0xx_HAL_Driver\Src\stm32f0xx_hal_flash_ex.o
 .text.HAL_FLASHEx_OBGetConfig
                0x00000000       0x30 Drivers\STM32F0xx_HAL_Driver\Src\stm32f0xx_hal_flash_ex.o
 .text.HAL_FLASHEx_OBGetUserData
                0x00000000       0x20 Drivers\STM32F0xx_HAL_Driver\Src\stm32f0xx_hal_flash_ex.o
 .text.FLASH_PageErase
                0x00000000       0x24 Drivers\STM32F0xx_HAL_Driver\Src\stm32f0xx_hal_flash_ex.o
 .text.HAL_FLASHEx_Erase
                0x00000000       0x9c Drivers\STM32F0xx_HAL_Driver\Src\stm32f0xx_hal_flash_ex.o
 .text.HAL_FLASHEx_Erase_IT
                0x00000000       0x54 Drivers\STM32F0xx_HAL_Driver\Src\stm32f0xx_hal_flash_ex.o
 .debug_info    0x00000000      0x95d Drivers\STM32F0xx_HAL_Driver\Src\stm32f0xx_hal_flash_ex.o
 .debug_abbrev  0x00000000      0x24b Drivers\STM32F0xx_HAL_Driver\Src\stm32f0xx_hal_flash_ex.o
 .debug_loc     0x00000000      0x4af Drivers\STM32F0xx_HAL_Driver\Src\stm32f0xx_hal_flash_ex.o
 .debug_aranges
                0x00000000       0x60 Drivers\STM32F0xx_HAL_Driver\Src\stm32f0xx_hal_flash_ex.o
 .debug_ranges  0x00000000       0xb0 Drivers\STM32F0xx_HAL_Driver\Src\stm32f0xx_hal_flash_ex.o
 .debug_line    0x00000000      0x3f7 Drivers\STM32F0xx_HAL_Driver\Src\stm32f0xx_hal_flash_ex.o
 .debug_str     0x00000000      0x602 Drivers\STM32F0xx_HAL_Driver\Src\stm32f0xx_hal_flash_ex.o
 .comment       0x00000000       0x7f Drivers\STM32F0xx_HAL_Driver\Src\stm32f0xx_hal_flash_ex.o
 .debug_frame   0x00000000       0xec Drivers\STM32F0xx_HAL_Driver\Src\stm32f0xx_hal_flash_ex.o
 .ARM.attributes
                0x00000000       0x31 Drivers\STM32F0xx_HAL_Driver\Src\stm32f0xx_hal_flash_ex.o
 .text          0x00000000        0x0 Drivers\STM32F0xx_HAL_Driver\Src\stm32f0xx_hal_gpio.o
 .data          0x00000000        0x0 Drivers\STM32F0xx_HAL_Driver\Src\stm32f0xx_hal_gpio.o
 .bss           0x00000000        0x0 Drivers\STM32F0xx_HAL_Driver\Src\stm32f0xx_hal_gpio.o
 .text.HAL_GPIO_DeInit
                0x00000000       0xd0 Drivers\STM32F0xx_HAL_Driver\Src\stm32f0xx_hal_gpio.o
 .text.HAL_GPIO_LockPin
                0x00000000       0x28 Drivers\STM32F0xx_HAL_Driver\Src\stm32f0xx_hal_gpio.o
 .text          0x00000000        0x0 Drivers\STM32F0xx_HAL_Driver\Src\stm32f0xx_hal_i2c.o
 .data          0x00000000        0x0 Drivers\STM32F0xx_HAL_Driver\Src\stm32f0xx_hal_i2c.o
 .bss           0x00000000        0x0 Drivers\STM32F0xx_HAL_Driver\Src\stm32f0xx_hal_i2c.o
 .text.I2C_Flush_TXDR
                0x00000000       0x1c Drivers\STM32F0xx_HAL_Driver\Src\stm32f0xx_hal_i2c.o
 .text.I2C_DMASlaveReceiveCplt
                0x00000000        0x2 Drivers\STM32F0xx_HAL_Driver\Src\stm32f0xx_hal_i2c.o
 .text.I2C_TransferConfig
                0x00000000       0x24 Drivers\STM32F0xx_HAL_Driver\Src\stm32f0xx_hal_i2c.o
 .text.I2C_Enable_IRQ
                0x00000000       0x6c Drivers\STM32F0xx_HAL_Driver\Src\stm32f0xx_hal_i2c.o
 .text.I2C_Disable_IRQ
                0x00000000       0x60 Drivers\STM32F0xx_HAL_Driver\Src\stm32f0xx_hal_i2c.o
 .text.I2C_WaitOnFlagUntilTimeout
                0x00000000       0x4c Drivers\STM32F0xx_HAL_Driver\Src\stm32f0xx_hal_i2c.o
 .text.I2C_DMAMasterTransmitCplt
                0x00000000       0x44 Drivers\STM32F0xx_HAL_Driver\Src\stm32f0xx_hal_i2c.o
 .text.I2C_DMAMasterReceiveCplt
                0x00000000       0x44 Drivers\STM32F0xx_HAL_Driver\Src\stm32f0xx_hal_i2c.o
 .text.I2C_IsAcknowledgeFailed
                0x00000000       0x7c Drivers\STM32F0xx_HAL_Driver\Src\stm32f0xx_hal_i2c.o
 .text.I2C_WaitOnTXISFlagUntilTimeout
                0x00000000       0x5a Drivers\STM32F0xx_HAL_Driver\Src\stm32f0xx_hal_i2c.o
 .text.I2C_RequestMemoryWrite
                0x00000000       0x66 Drivers\STM32F0xx_HAL_Driver\Src\stm32f0xx_hal_i2c.o
 .text.I2C_RequestMemoryRead
                0x00000000       0x64 Drivers\STM32F0xx_HAL_Driver\Src\stm32f0xx_hal_i2c.o
 .text.I2C_WaitOnRXNEFlagUntilTimeout
                0x00000000       0x7c Drivers\STM32F0xx_HAL_Driver\Src\stm32f0xx_hal_i2c.o
 .text.I2C_DMASlaveTransmitCplt
                0x00000000        0x2 Drivers\STM32F0xx_HAL_Driver\Src\stm32f0xx_hal_i2c.o
 .text.I2C_WaitOnSTOPFlagUntilTimeout
                0x00000000       0x56 Drivers\STM32F0xx_HAL_Driver\Src\stm32f0xx_hal_i2c.o
 .text.HAL_I2C_MspInit
                0x00000000        0x2 Drivers\STM32F0xx_HAL_Driver\Src\stm32f0xx_hal_i2c.o
 .text.HAL_I2C_Init
                0x00000000       0xb0 Drivers\STM32F0xx_HAL_Driver\Src\stm32f0xx_hal_i2c.o
 .text.HAL_I2C_MspDeInit
                0x00000000        0x2 Drivers\STM32F0xx_HAL_Driver\Src\stm32f0xx_hal_i2c.o
 .text.HAL_I2C_DeInit
                0x00000000       0x34 Drivers\STM32F0xx_HAL_Driver\Src\stm32f0xx_hal_i2c.o
 .text.HAL_I2C_Master_Transmit
                0x00000000      0x130 Drivers\STM32F0xx_HAL_Driver\Src\stm32f0xx_hal_i2c.o
 .text.HAL_I2C_Master_Receive
                0x00000000      0x130 Drivers\STM32F0xx_HAL_Driver\Src\stm32f0xx_hal_i2c.o
 .text.HAL_I2C_Slave_Transmit
                0x00000000      0x160 Drivers\STM32F0xx_HAL_Driver\Src\stm32f0xx_hal_i2c.o
 .text.HAL_I2C_Slave_Receive
                0x00000000      0x150 Drivers\STM32F0xx_HAL_Driver\Src\stm32f0xx_hal_i2c.o
 .text.HAL_I2C_Master_Transmit_IT
                0x00000000       0x90 Drivers\STM32F0xx_HAL_Driver\Src\stm32f0xx_hal_i2c.o
 .text.HAL_I2C_Master_Receive_IT
                0x00000000       0x90 Drivers\STM32F0xx_HAL_Driver\Src\stm32f0xx_hal_i2c.o
 .text.HAL_I2C_Slave_Transmit_IT
                0x00000000       0x5c Drivers\STM32F0xx_HAL_Driver\Src\stm32f0xx_hal_i2c.o
 .text.HAL_I2C_Slave_Receive_IT
                0x00000000       0x5c Drivers\STM32F0xx_HAL_Driver\Src\stm32f0xx_hal_i2c.o
 .text.HAL_I2C_Master_Transmit_DMA
                0x00000000      0x104 Drivers\STM32F0xx_HAL_Driver\Src\stm32f0xx_hal_i2c.o
 .text.HAL_I2C_Master_Receive_DMA
                0x00000000      0x100 Drivers\STM32F0xx_HAL_Driver\Src\stm32f0xx_hal_i2c.o
 .text.HAL_I2C_Slave_Transmit_DMA
                0x00000000       0x9c Drivers\STM32F0xx_HAL_Driver\Src\stm32f0xx_hal_i2c.o
 .text.HAL_I2C_Slave_Receive_DMA
                0x00000000       0xa0 Drivers\STM32F0xx_HAL_Driver\Src\stm32f0xx_hal_i2c.o
 .text.HAL_I2C_Mem_Write
                0x00000000      0x188 Drivers\STM32F0xx_HAL_Driver\Src\stm32f0xx_hal_i2c.o
 .text.HAL_I2C_Mem_Read
                0x00000000      0x190 Drivers\STM32F0xx_HAL_Driver\Src\stm32f0xx_hal_i2c.o
 .text.HAL_I2C_Mem_Write_IT
                0x00000000       0xdc Drivers\STM32F0xx_HAL_Driver\Src\stm32f0xx_hal_i2c.o
 .text.HAL_I2C_Mem_Read_IT
                0x00000000       0xe0 Drivers\STM32F0xx_HAL_Driver\Src\stm32f0xx_hal_i2c.o
 .text.HAL_I2C_Mem_Write_DMA
                0x00000000      0x114 Drivers\STM32F0xx_HAL_Driver\Src\stm32f0xx_hal_i2c.o
 .text.HAL_I2C_Mem_Read_DMA
                0x00000000      0x118 Drivers\STM32F0xx_HAL_Driver\Src\stm32f0xx_hal_i2c.o
 .text.HAL_I2C_IsDeviceReady
                0x00000000      0x12c Drivers\STM32F0xx_HAL_Driver\Src\stm32f0xx_hal_i2c.o
 .text.HAL_I2C_Master_Sequential_Transmit_IT
                0x00000000       0x7c Drivers\STM32F0xx_HAL_Driver\Src\stm32f0xx_hal_i2c.o
 .text.HAL_I2C_Master_Sequential_Receive_IT
                0x00000000       0x7c Drivers\STM32F0xx_HAL_Driver\Src\stm32f0xx_hal_i2c.o
 .text.HAL_I2C_Slave_Sequential_Transmit_IT
                0x00000000       0x98 Drivers\STM32F0xx_HAL_Driver\Src\stm32f0xx_hal_i2c.o
 .text.HAL_I2C_Slave_Sequential_Receive_IT
                0x00000000       0x98 Drivers\STM32F0xx_HAL_Driver\Src\stm32f0xx_hal_i2c.o
 .text.HAL_I2C_EnableListen_IT
                0x00000000       0x28 Drivers\STM32F0xx_HAL_Driver\Src\stm32f0xx_hal_i2c.o
 .text.HAL_I2C_DisableListen_IT
                0x00000000       0x32 Drivers\STM32F0xx_HAL_Driver\Src\stm32f0xx_hal_i2c.o
 .text.HAL_I2C_Master_Abort_IT
                0x00000000       0x5c Drivers\STM32F0xx_HAL_Driver\Src\stm32f0xx_hal_i2c.o
 .text.HAL_I2C_EV_IRQHandler
                0x00000000       0x12 Drivers\STM32F0xx_HAL_Driver\Src\stm32f0xx_hal_i2c.o
 .text.HAL_I2C_MasterTxCpltCallback
                0x00000000        0x2 Drivers\STM32F0xx_HAL_Driver\Src\stm32f0xx_hal_i2c.o
 .text.HAL_I2C_MasterRxCpltCallback
                0x00000000        0x2 Drivers\STM32F0xx_HAL_Driver\Src\stm32f0xx_hal_i2c.o
 .text.I2C_ITMasterSequentialCplt
                0x00000000       0x48 Drivers\STM32F0xx_HAL_Driver\Src\stm32f0xx_hal_i2c.o
 .text.HAL_I2C_SlaveTxCpltCallback
                0x00000000        0x2 Drivers\STM32F0xx_HAL_Driver\Src\stm32f0xx_hal_i2c.o
 .text.HAL_I2C_SlaveRxCpltCallback
                0x00000000        0x2 Drivers\STM32F0xx_HAL_Driver\Src\stm32f0xx_hal_i2c.o
 .text.I2C_ITSlaveSequentialCplt
                0x00000000       0x52 Drivers\STM32F0xx_HAL_Driver\Src\stm32f0xx_hal_i2c.o
 .text.HAL_I2C_AddrCallback
                0x00000000        0x2 Drivers\STM32F0xx_HAL_Driver\Src\stm32f0xx_hal_i2c.o
 .text.HAL_I2C_ListenCpltCallback
                0x00000000        0x2 Drivers\STM32F0xx_HAL_Driver\Src\stm32f0xx_hal_i2c.o
 .text.I2C_ITListenCplt
                0x00000000       0x64 Drivers\STM32F0xx_HAL_Driver\Src\stm32f0xx_hal_i2c.o
 .text.HAL_I2C_MemTxCpltCallback
                0x00000000        0x2 Drivers\STM32F0xx_HAL_Driver\Src\stm32f0xx_hal_i2c.o
 .text.HAL_I2C_MemRxCpltCallback
                0x00000000        0x2 Drivers\STM32F0xx_HAL_Driver\Src\stm32f0xx_hal_i2c.o
 .text.HAL_I2C_ErrorCallback
                0x00000000        0x2 Drivers\STM32F0xx_HAL_Driver\Src\stm32f0xx_hal_i2c.o
 .text.HAL_I2C_AbortCpltCallback
                0x00000000        0x2 Drivers\STM32F0xx_HAL_Driver\Src\stm32f0xx_hal_i2c.o
 .text.I2C_ITError
                0x00000000       0xe0 Drivers\STM32F0xx_HAL_Driver\Src\stm32f0xx_hal_i2c.o
 .text.I2C_ITSlaveCplt
                0x00000000       0xf8 Drivers\STM32F0xx_HAL_Driver\Src\stm32f0xx_hal_i2c.o
 .text.I2C_Slave_ISR_IT
                0x00000000      0x1c8 Drivers\STM32F0xx_HAL_Driver\Src\stm32f0xx_hal_i2c.o
 .text.I2C_Slave_ISR_DMA
                0x00000000       0x70 Drivers\STM32F0xx_HAL_Driver\Src\stm32f0xx_hal_i2c.o
 .text.I2C_ITMasterCplt
                0x00000000       0xb4 Drivers\STM32F0xx_HAL_Driver\Src\stm32f0xx_hal_i2c.o
 .text.I2C_Master_ISR_IT
                0x00000000      0x134 Drivers\STM32F0xx_HAL_Driver\Src\stm32f0xx_hal_i2c.o
 .text.I2C_Master_ISR_DMA
                0x00000000       0xc8 Drivers\STM32F0xx_HAL_Driver\Src\stm32f0xx_hal_i2c.o
 .text.I2C_DMAError
                0x00000000       0x18 Drivers\STM32F0xx_HAL_Driver\Src\stm32f0xx_hal_i2c.o
 .text.HAL_I2C_ER_IRQHandler
                0x00000000       0x5a Drivers\STM32F0xx_HAL_Driver\Src\stm32f0xx_hal_i2c.o
 .text.I2C_DMAAbort
                0x00000000       0x34 Drivers\STM32F0xx_HAL_Driver\Src\stm32f0xx_hal_i2c.o
 .text.HAL_I2C_GetState
                0x00000000        0x8 Drivers\STM32F0xx_HAL_Driver\Src\stm32f0xx_hal_i2c.o
 .text.HAL_I2C_GetMode
                0x00000000        0x8 Drivers\STM32F0xx_HAL_Driver\Src\stm32f0xx_hal_i2c.o
 .text.HAL_I2C_GetError
                0x00000000        0x4 Drivers\STM32F0xx_HAL_Driver\Src\stm32f0xx_hal_i2c.o
 .debug_info    0x00000000     0x2f5d Drivers\STM32F0xx_HAL_Driver\Src\stm32f0xx_hal_i2c.o
 .debug_abbrev  0x00000000      0x2e0 Drivers\STM32F0xx_HAL_Driver\Src\stm32f0xx_hal_i2c.o
 .debug_loc     0x00000000     0x2e01 Drivers\STM32F0xx_HAL_Driver\Src\stm32f0xx_hal_i2c.o
 .debug_aranges
                0x00000000      0x200 Drivers\STM32F0xx_HAL_Driver\Src\stm32f0xx_hal_i2c.o
 .debug_ranges  0x00000000      0x208 Drivers\STM32F0xx_HAL_Driver\Src\stm32f0xx_hal_i2c.o
 .debug_line    0x00000000     0x1464 Drivers\STM32F0xx_HAL_Driver\Src\stm32f0xx_hal_i2c.o
 .debug_str     0x00000000      0xd64 Drivers\STM32F0xx_HAL_Driver\Src\stm32f0xx_hal_i2c.o
 .comment       0x00000000       0x7f Drivers\STM32F0xx_HAL_Driver\Src\stm32f0xx_hal_i2c.o
 .debug_frame   0x00000000      0x790 Drivers\STM32F0xx_HAL_Driver\Src\stm32f0xx_hal_i2c.o
 .ARM.attributes
                0x00000000       0x31 Drivers\STM32F0xx_HAL_Driver\Src\stm32f0xx_hal_i2c.o
 .text          0x00000000        0x0 Drivers\STM32F0xx_HAL_Driver\Src\stm32f0xx_hal_i2c_ex.o
 .data          0x00000000        0x0 Drivers\STM32F0xx_HAL_Driver\Src\stm32f0xx_hal_i2c_ex.o
 .bss           0x00000000        0x0 Drivers\STM32F0xx_HAL_Driver\Src\stm32f0xx_hal_i2c_ex.o
 .text.HAL_I2CEx_ConfigAnalogFilter
                0x00000000       0x4c Drivers\STM32F0xx_HAL_Driver\Src\stm32f0xx_hal_i2c_ex.o
 .text.HAL_I2CEx_ConfigDigitalFilter
                0x00000000       0x48 Drivers\STM32F0xx_HAL_Driver\Src\stm32f0xx_hal_i2c_ex.o
 .text.HAL_I2CEx_EnableFastModePlus
                0x00000000       0x28 Drivers\STM32F0xx_HAL_Driver\Src\stm32f0xx_hal_i2c_ex.o
 .text.HAL_I2CEx_DisableFastModePlus
                0x00000000       0x28 Drivers\STM32F0xx_HAL_Driver\Src\stm32f0xx_hal_i2c_ex.o
 .debug_info    0x00000000      0x7cc Drivers\STM32F0xx_HAL_Driver\Src\stm32f0xx_hal_i2c_ex.o
 .debug_abbrev  0x00000000      0x1a5 Drivers\STM32F0xx_HAL_Driver\Src\stm32f0xx_hal_i2c_ex.o
 .debug_loc     0x00000000      0x126 Drivers\STM32F0xx_HAL_Driver\Src\stm32f0xx_hal_i2c_ex.o
 .debug_aranges
                0x00000000       0x38 Drivers\STM32F0xx_HAL_Driver\Src\stm32f0xx_hal_i2c_ex.o
 .debug_ranges  0x00000000       0x60 Drivers\STM32F0xx_HAL_Driver\Src\stm32f0xx_hal_i2c_ex.o
 .debug_line    0x00000000      0x2bf Drivers\STM32F0xx_HAL_Driver\Src\stm32f0xx_hal_i2c_ex.o
 .debug_str     0x00000000      0x7ad Drivers\STM32F0xx_HAL_Driver\Src\stm32f0xx_hal_i2c_ex.o
 .comment       0x00000000       0x7f Drivers\STM32F0xx_HAL_Driver\Src\stm32f0xx_hal_i2c_ex.o
 .debug_frame   0x00000000       0x78 Drivers\STM32F0xx_HAL_Driver\Src\stm32f0xx_hal_i2c_ex.o
 .ARM.attributes
                0x00000000       0x31 Drivers\STM32F0xx_HAL_Driver\Src\stm32f0xx_hal_i2c_ex.o
 .text          0x00000000        0x0 Drivers\STM32F0xx_HAL_Driver\Src\stm32f0xx_hal_pwr.o
 .data          0x00000000        0x0 Drivers\STM32F0xx_HAL_Driver\Src\stm32f0xx_hal_pwr.o
 .bss           0x00000000        0x0 Drivers\STM32F0xx_HAL_Driver\Src\stm32f0xx_hal_pwr.o
 .text.HAL_PWR_DeInit
                0x00000000       0x20 Drivers\STM32F0xx_HAL_Driver\Src\stm32f0xx_hal_pwr.o
 .text.HAL_PWR_EnableBkUpAccess
                0x00000000       0x14 Drivers\STM32F0xx_HAL_Driver\Src\stm32f0xx_hal_pwr.o
 .text.HAL_PWR_DisableBkUpAccess
                0x00000000       0x14 Drivers\STM32F0xx_HAL_Driver\Src\stm32f0xx_hal_pwr.o
 .text.HAL_PWR_EnableWakeUpPin
                0x00000000       0x10 Drivers\STM32F0xx_HAL_Driver\Src\stm32f0xx_hal_pwr.o
 .text.HAL_PWR_DisableWakeUpPin
                0x00000000       0x10 Drivers\STM32F0xx_HAL_Driver\Src\stm32f0xx_hal_pwr.o
 .text.HAL_PWR_EnterSLEEPMode
                0x00000000       0x20 Drivers\STM32F0xx_HAL_Driver\Src\stm32f0xx_hal_pwr.o
 .text.HAL_PWR_EnterSTOPMode
                0x00000000       0x38 Drivers\STM32F0xx_HAL_Driver\Src\stm32f0xx_hal_pwr.o
 .text.HAL_PWR_EnterSTANDBYMode
                0x00000000       0x20 Drivers\STM32F0xx_HAL_Driver\Src\stm32f0xx_hal_pwr.o
 .text.HAL_PWR_EnableSleepOnExit
                0x00000000       0x10 Drivers\STM32F0xx_HAL_Driver\Src\stm32f0xx_hal_pwr.o
 .text.HAL_PWR_DisableSleepOnExit
                0x00000000       0x10 Drivers\STM32F0xx_HAL_Driver\Src\stm32f0xx_hal_pwr.o
 .text.HAL_PWR_EnableSEVOnPend
                0x00000000       0x10 Drivers\STM32F0xx_HAL_Driver\Src\stm32f0xx_hal_pwr.o
 .text.HAL_PWR_DisableSEVOnPend
                0x00000000       0x10 Drivers\STM32F0xx_HAL_Driver\Src\stm32f0xx_hal_pwr.o
 .debug_info    0x00000000      0x454 Drivers\STM32F0xx_HAL_Driver\Src\stm32f0xx_hal_pwr.o
 .debug_abbrev  0x00000000      0x14d Drivers\STM32F0xx_HAL_Driver\Src\stm32f0xx_hal_pwr.o
 .debug_loc     0x00000000       0xc9 Drivers\STM32F0xx_HAL_Driver\Src\stm32f0xx_hal_pwr.o
 .debug_aranges
                0x00000000       0x78 Drivers\STM32F0xx_HAL_Driver\Src\stm32f0xx_hal_pwr.o
 .debug_ranges  0x00000000       0x68 Drivers\STM32F0xx_HAL_Driver\Src\stm32f0xx_hal_pwr.o
 .debug_line    0x00000000      0x2cc Drivers\STM32F0xx_HAL_Driver\Src\stm32f0xx_hal_pwr.o
 .debug_str     0x00000000      0x3b9 Drivers\STM32F0xx_HAL_Driver\Src\stm32f0xx_hal_pwr.o
 .comment       0x00000000       0x7f Drivers\STM32F0xx_HAL_Driver\Src\stm32f0xx_hal_pwr.o
 .debug_frame   0x00000000       0xd8 Drivers\STM32F0xx_HAL_Driver\Src\stm32f0xx_hal_pwr.o
 .ARM.attributes
                0x00000000       0x31 Drivers\STM32F0xx_HAL_Driver\Src\stm32f0xx_hal_pwr.o
 .text          0x00000000        0x0 Drivers\STM32F0xx_HAL_Driver\Src\stm32f0xx_hal_pwr_ex.o
 .data          0x00000000        0x0 Drivers\STM32F0xx_HAL_Driver\Src\stm32f0xx_hal_pwr_ex.o
 .bss           0x00000000        0x0 Drivers\STM32F0xx_HAL_Driver\Src\stm32f0xx_hal_pwr_ex.o
 .debug_info    0x00000000       0x79 Drivers\STM32F0xx_HAL_Driver\Src\stm32f0xx_hal_pwr_ex.o
 .debug_abbrev  0x00000000       0x26 Drivers\STM32F0xx_HAL_Driver\Src\stm32f0xx_hal_pwr_ex.o
 .debug_aranges
                0x00000000       0x18 Drivers\STM32F0xx_HAL_Driver\Src\stm32f0xx_hal_pwr_ex.o
 .debug_line    0x00000000       0x1d Drivers\STM32F0xx_HAL_Driver\Src\stm32f0xx_hal_pwr_ex.o
 .debug_str     0x00000000      0x1a1 Drivers\STM32F0xx_HAL_Driver\Src\stm32f0xx_hal_pwr_ex.o
 .comment       0x00000000       0x7f Drivers\STM32F0xx_HAL_Driver\Src\stm32f0xx_hal_pwr_ex.o
 .ARM.attributes
                0x00000000       0x31 Drivers\STM32F0xx_HAL_Driver\Src\stm32f0xx_hal_pwr_ex.o
 .text          0x00000000        0x0 Drivers\STM32F0xx_HAL_Driver\Src\stm32f0xx_hal_rcc.o
 .data          0x00000000        0x0 Drivers\STM32F0xx_HAL_Driver\Src\stm32f0xx_hal_rcc.o
 .bss           0x00000000        0x0 Drivers\STM32F0xx_HAL_Driver\Src\stm32f0xx_hal_rcc.o
 .text.HAL_RCC_DeInit
                0x00000000       0x4c Drivers\STM32F0xx_HAL_Driver\Src\stm32f0xx_hal_rcc.o
 .text.HAL_RCC_MCOConfig
                0x00000000       0x54 Drivers\STM32F0xx_HAL_Driver\Src\stm32f0xx_hal_rcc.o
 .text.HAL_RCC_EnableCSS
                0x00000000       0x14 Drivers\STM32F0xx_HAL_Driver\Src\stm32f0xx_hal_rcc.o
 .text.HAL_RCC_DisableCSS
                0x00000000       0x14 Drivers\STM32F0xx_HAL_Driver\Src\stm32f0xx_hal_rcc.o
 .text.HAL_RCC_GetPCLK1Freq
                0x00000000       0x20 Drivers\STM32F0xx_HAL_Driver\Src\stm32f0xx_hal_rcc.o
 .text.HAL_RCC_GetOscConfig
                0x00000000       0xa0 Drivers\STM32F0xx_HAL_Driver\Src\stm32f0xx_hal_rcc.o
 .text.HAL_RCC_GetClockConfig
                0x00000000       0x38 Drivers\STM32F0xx_HAL_Driver\Src\stm32f0xx_hal_rcc.o
 .text.HAL_RCC_CSSCallback
                0x00000000        0x2 Drivers\STM32F0xx_HAL_Driver\Src\stm32f0xx_hal_rcc.o
 .text.HAL_RCC_NMI_IRQHandler
                0x00000000       0x20 Drivers\STM32F0xx_HAL_Driver\Src\stm32f0xx_hal_rcc.o
 .text          0x00000000        0x0 Drivers\STM32F0xx_HAL_Driver\Src\stm32f0xx_hal_rcc_ex.o
 .data          0x00000000        0x0 Drivers\STM32F0xx_HAL_Driver\Src\stm32f0xx_hal_rcc_ex.o
 .bss           0x00000000        0x0 Drivers\STM32F0xx_HAL_Driver\Src\stm32f0xx_hal_rcc_ex.o
 .text.HAL_RCCEx_PeriphCLKConfig
                0x00000000      0x110 Drivers\STM32F0xx_HAL_Driver\Src\stm32f0xx_hal_rcc_ex.o
 .text.HAL_RCCEx_GetPeriphCLKConfig
                0x00000000       0x2c Drivers\STM32F0xx_HAL_Driver\Src\stm32f0xx_hal_rcc_ex.o
 .text.HAL_RCCEx_GetPeriphCLKFreq
                0x00000000       0xac Drivers\STM32F0xx_HAL_Driver\Src\stm32f0xx_hal_rcc_ex.o
 .debug_info    0x00000000      0x396 Drivers\STM32F0xx_HAL_Driver\Src\stm32f0xx_hal_rcc_ex.o
 .debug_abbrev  0x00000000      0x17c Drivers\STM32F0xx_HAL_Driver\Src\stm32f0xx_hal_rcc_ex.o
 .debug_loc     0x00000000      0x254 Drivers\STM32F0xx_HAL_Driver\Src\stm32f0xx_hal_rcc_ex.o
 .debug_aranges
                0x00000000       0x30 Drivers\STM32F0xx_HAL_Driver\Src\stm32f0xx_hal_rcc_ex.o
 .debug_ranges  0x00000000       0x20 Drivers\STM32F0xx_HAL_Driver\Src\stm32f0xx_hal_rcc_ex.o
 .debug_line    0x00000000      0x2fe Drivers\STM32F0xx_HAL_Driver\Src\stm32f0xx_hal_rcc_ex.o
 .debug_str     0x00000000      0x3b3 Drivers\STM32F0xx_HAL_Driver\Src\stm32f0xx_hal_rcc_ex.o
 .comment       0x00000000       0x7f Drivers\STM32F0xx_HAL_Driver\Src\stm32f0xx_hal_rcc_ex.o
 .debug_frame   0x00000000       0x58 Drivers\STM32F0xx_HAL_Driver\Src\stm32f0xx_hal_rcc_ex.o
 .ARM.attributes
                0x00000000       0x31 Drivers\STM32F0xx_HAL_Driver\Src\stm32f0xx_hal_rcc_ex.o
 .text          0x00000000        0x0 Drivers\STM32F0xx_HAL_Driver\Src\stm32f0xx_hal_tim.o
 .data          0x00000000        0x0 Drivers\STM32F0xx_HAL_Driver\Src\stm32f0xx_hal_tim.o
 .bss           0x00000000        0x0 Drivers\STM32F0xx_HAL_Driver\Src\stm32f0xx_hal_tim.o
 .debug_info    0x00000000       0x79 Drivers\STM32F0xx_HAL_Driver\Src\stm32f0xx_hal_tim.o
 .debug_abbrev  0x00000000       0x26 Drivers\STM32F0xx_HAL_Driver\Src\stm32f0xx_hal_tim.o
 .debug_aranges
                0x00000000       0x18 Drivers\STM32F0xx_HAL_Driver\Src\stm32f0xx_hal_tim.o
 .debug_line    0x00000000       0x1d Drivers\STM32F0xx_HAL_Driver\Src\stm32f0xx_hal_tim.o
 .debug_str     0x00000000      0x19e Drivers\STM32F0xx_HAL_Driver\Src\stm32f0xx_hal_tim.o
 .comment       0x00000000       0x7f Drivers\STM32F0xx_HAL_Driver\Src\stm32f0xx_hal_tim.o
 .ARM.attributes
                0x00000000       0x31 Drivers\STM32F0xx_HAL_Driver\Src\stm32f0xx_hal_tim.o
 .text          0x00000000        0x0 Drivers\STM32F0xx_HAL_Driver\Src\stm32f0xx_hal_tim_ex.o
 .data          0x00000000        0x0 Drivers\STM32F0xx_HAL_Driver\Src\stm32f0xx_hal_tim_ex.o
 .bss           0x00000000        0x0 Drivers\STM32F0xx_HAL_Driver\Src\stm32f0xx_hal_tim_ex.o
 .debug_info    0x00000000       0x79 Drivers\STM32F0xx_HAL_Driver\Src\stm32f0xx_hal_tim_ex.o
 .debug_abbrev  0x00000000       0x26 Drivers\STM32F0xx_HAL_Driver\Src\stm32f0xx_hal_tim_ex.o
 .debug_aranges
                0x00000000       0x18 Drivers\STM32F0xx_HAL_Driver\Src\stm32f0xx_hal_tim_ex.o
 .debug_line    0x00000000       0x1d Drivers\STM32F0xx_HAL_Driver\Src\stm32f0xx_hal_tim_ex.o
 .debug_str     0x00000000      0x1a1 Drivers\STM32F0xx_HAL_Driver\Src\stm32f0xx_hal_tim_ex.o
 .comment       0x00000000       0x7f Drivers\STM32F0xx_HAL_Driver\Src\stm32f0xx_hal_tim_ex.o
 .ARM.attributes
                0x00000000       0x31 Drivers\STM32F0xx_HAL_Driver\Src\stm32f0xx_hal_tim_ex.o
 .text          0x00000000        0x0 Src\PS2Keyboard.o
 .data          0x00000000        0x0 Src\PS2Keyboard.o
 .bss           0x00000000        0x0 Src\PS2Keyboard.o
 .text.keyboardClear
                0x00000000        0xe Src\PS2Keyboard.o
 .text.keyboardReadScanCode
                0x00000000       0x26 Src\PS2Keyboard.o
 .text.keyboardReadUnicode
                0x00000000       0x28 Src\PS2Keyboard.o
 .text          0x00000000        0x0 Src\main.o
 .data          0x00000000        0x0 Src\main.o
 .bss           0x00000000        0x0 Src\main.o
 .text._Error_Handler
                0x00000000        0x2 Src\main.o
 .text          0x00000000        0x0 Src\stm32f0xx_hal_msp.o
 .data          0x00000000        0x0 Src\stm32f0xx_hal_msp.o
 .bss           0x00000000        0x0 Src\stm32f0xx_hal_msp.o
 .text          0x00000000        0x0 Src\stm32f0xx_it.o
 .data          0x00000000        0x0 Src\stm32f0xx_it.o
 .bss           0x00000000        0x0 Src\stm32f0xx_it.o
 .text          0x00000000        0x0 Src\system_stm32f0xx.o
 .data          0x00000000        0x0 Src\system_stm32f0xx.o
 .bss           0x00000000        0x0 Src\system_stm32f0xx.o
 .text.SystemCoreClockUpdate
                0x00000000       0x64 Src\system_stm32f0xx.o
 .rodata.APBPrescTable
                0x00000000        0x8 Src\system_stm32f0xx.o
 .text          0x00000000       0x14 startup\startup_stm32f030x6.o
 .data          0x00000000        0x0 startup\startup_stm32f030x6.o
 .bss           0x00000000        0x0 startup\startup_stm32f030x6.o
 .text          0x00000000        0x0 c:/program files (x86)/atollic/truestudio for arm 6.0.0/armtools/bin/../lib/gcc/arm-atollic-eabi/5.3.1/../../../../arm-atollic-eabi/lib/armv6-m\libc.a(lib_a-init.o)
 .data          0x00000000        0x0 c:/program files (x86)/atollic/truestudio for arm 6.0.0/armtools/bin/../lib/gcc/arm-atollic-eabi/5.3.1/../../../../arm-atollic-eabi/lib/armv6-m\libc.a(lib_a-init.o)
 .bss           0x00000000        0x0 c:/program files (x86)/atollic/truestudio for arm 6.0.0/armtools/bin/../lib/gcc/arm-atollic-eabi/5.3.1/../../../../arm-atollic-eabi/lib/armv6-m\libc.a(lib_a-init.o)
 .text          0x00000000        0x0 c:/program files (x86)/atollic/truestudio for arm 6.0.0/armtools/bin/../lib/gcc/arm-atollic-eabi/5.3.1/../../../../arm-atollic-eabi/lib/armv6-m\libc.a(lib_a-memcpy-stub.o)
 .data          0x00000000        0x0 c:/program files (x86)/atollic/truestudio for arm 6.0.0/armtools/bin/../lib/gcc/arm-atollic-eabi/5.3.1/../../../../arm-atollic-eabi/lib/armv6-m\libc.a(lib_a-memcpy-stub.o)
 .bss           0x00000000        0x0 c:/program files (x86)/atollic/truestudio for arm 6.0.0/armtools/bin/../lib/gcc/arm-atollic-eabi/5.3.1/../../../../arm-atollic-eabi/lib/armv6-m\libc.a(lib_a-memcpy-stub.o)
 .text          0x00000000       0x14 c:/program files (x86)/atollic/truestudio for arm 6.0.0/armtools/bin/../lib/gcc/arm-atollic-eabi/5.3.1/armv6-m\libgcc.a(_thumb1_case_uqi.o)
 .data          0x00000000        0x0 c:/program files (x86)/atollic/truestudio for arm 6.0.0/armtools/bin/../lib/gcc/arm-atollic-eabi/5.3.1/armv6-m\libgcc.a(_thumb1_case_uqi.o)
 .bss           0x00000000        0x0 c:/program files (x86)/atollic/truestudio for arm 6.0.0/armtools/bin/../lib/gcc/arm-atollic-eabi/5.3.1/armv6-m\libgcc.a(_thumb1_case_uqi.o)
 .ARM.attributes
                0x00000000       0x1e c:/program files (x86)/atollic/truestudio for arm 6.0.0/armtools/bin/../lib/gcc/arm-atollic-eabi/5.3.1/armv6-m\libgcc.a(_thumb1_case_uqi.o)
 .data          0x00000000        0x0 c:/program files (x86)/atollic/truestudio for arm 6.0.0/armtools/bin/../lib/gcc/arm-atollic-eabi/5.3.1/armv6-m\libgcc.a(_udivsi3.o)
 .bss           0x00000000        0x0 c:/program files (x86)/atollic/truestudio for arm 6.0.0/armtools/bin/../lib/gcc/arm-atollic-eabi/5.3.1/armv6-m\libgcc.a(_udivsi3.o)
 .data          0x00000000        0x0 c:/program files (x86)/atollic/truestudio for arm 6.0.0/armtools/bin/../lib/gcc/arm-atollic-eabi/5.3.1/armv6-m\libgcc.a(_dvmd_tls.o)
 .bss           0x00000000        0x0 c:/program files (x86)/atollic/truestudio for arm 6.0.0/armtools/bin/../lib/gcc/arm-atollic-eabi/5.3.1/armv6-m\libgcc.a(_dvmd_tls.o)
 .text          0x00000000       0x18 c:/program files (x86)/atollic/truestudio for arm 6.0.0/armtools/bin/../lib/gcc/arm-atollic-eabi/5.3.1/armv6-m\libgcc.a(_lshrdi3.o)
 .data          0x00000000        0x0 c:/program files (x86)/atollic/truestudio for arm 6.0.0/armtools/bin/../lib/gcc/arm-atollic-eabi/5.3.1/armv6-m\libgcc.a(_lshrdi3.o)
 .bss           0x00000000        0x0 c:/program files (x86)/atollic/truestudio for arm 6.0.0/armtools/bin/../lib/gcc/arm-atollic-eabi/5.3.1/armv6-m\libgcc.a(_lshrdi3.o)
 .ARM.attributes
                0x00000000       0x1e c:/program files (x86)/atollic/truestudio for arm 6.0.0/armtools/bin/../lib/gcc/arm-atollic-eabi/5.3.1/armv6-m\libgcc.a(_lshrdi3.o)
 .text          0x00000000        0x0 c:/program files (x86)/atollic/truestudio for arm 6.0.0/armtools/bin/../lib/gcc/arm-atollic-eabi/5.3.1/armv6-m/crtend.o
 .data          0x00000000        0x0 c:/program files (x86)/atollic/truestudio for arm 6.0.0/armtools/bin/../lib/gcc/arm-atollic-eabi/5.3.1/armv6-m/crtend.o
 .bss           0x00000000        0x0 c:/program files (x86)/atollic/truestudio for arm 6.0.0/armtools/bin/../lib/gcc/arm-atollic-eabi/5.3.1/armv6-m/crtend.o
 .eh_frame      0x00000000        0x4 c:/program files (x86)/atollic/truestudio for arm 6.0.0/armtools/bin/../lib/gcc/arm-atollic-eabi/5.3.1/armv6-m/crtend.o
 .ARM.attributes
                0x00000000       0x2c c:/program files (x86)/atollic/truestudio for arm 6.0.0/armtools/bin/../lib/gcc/arm-atollic-eabi/5.3.1/armv6-m/crtend.o
 .text          0x00000000        0x0 c:/program files (x86)/atollic/truestudio for arm 6.0.0/armtools/bin/../lib/gcc/arm-atollic-eabi/5.3.1/armv6-m/crtn.o
 .data          0x00000000        0x0 c:/program files (x86)/atollic/truestudio for arm 6.0.0/armtools/bin/../lib/gcc/arm-atollic-eabi/5.3.1/armv6-m/crtn.o
 .bss           0x00000000        0x0 c:/program files (x86)/atollic/truestudio for arm 6.0.0/armtools/bin/../lib/gcc/arm-atollic-eabi/5.3.1/armv6-m/crtn.o

Memory Configuration

Name             Origin             Length             Attributes
RAM              0x20000000         0x00001000         xrw
FLASH            0x08000000         0x00004000         xr
*default*        0x00000000         0xffffffff

Linker script and memory map

LOAD c:/program files (x86)/atollic/truestudio for arm 6.0.0/armtools/bin/../lib/gcc/arm-atollic-eabi/5.3.1/armv6-m/crti.o
LOAD c:/program files (x86)/atollic/truestudio for arm 6.0.0/armtools/bin/../lib/gcc/arm-atollic-eabi/5.3.1/armv6-m/crtbegin.o
LOAD Drivers\STM32F0xx_HAL_Driver\Src\stm32f0xx_hal.o
LOAD Drivers\STM32F0xx_HAL_Driver\Src\stm32f0xx_hal_cortex.o
LOAD Drivers\STM32F0xx_HAL_Driver\Src\stm32f0xx_hal_dma.o
LOAD Drivers\STM32F0xx_HAL_Driver\Src\stm32f0xx_hal_flash.o
LOAD Drivers\STM32F0xx_HAL_Driver\Src\stm32f0xx_hal_flash_ex.o
LOAD Drivers\STM32F0xx_HAL_Driver\Src\stm32f0xx_hal_gpio.o
LOAD Drivers\STM32F0xx_HAL_Driver\Src\stm32f0xx_hal_i2c.o
LOAD Drivers\STM32F0xx_HAL_Driver\Src\stm32f0xx_hal_i2c_ex.o
LOAD Drivers\STM32F0xx_HAL_Driver\Src\stm32f0xx_hal_pwr.o
LOAD Drivers\STM32F0xx_HAL_Driver\Src\stm32f0xx_hal_pwr_ex.o
LOAD Drivers\STM32F0xx_HAL_Driver\Src\stm32f0xx_hal_rcc.o
LOAD Drivers\STM32F0xx_HAL_Driver\Src\stm32f0xx_hal_rcc_ex.o
LOAD Drivers\STM32F0xx_HAL_Driver\Src\stm32f0xx_hal_tim.o
LOAD Drivers\STM32F0xx_HAL_Driver\Src\stm32f0xx_hal_tim_ex.o
LOAD Src\PS2Keyboard.o
LOAD Src\main.o
LOAD Src\stm32f0xx_hal_msp.o
LOAD Src\stm32f0xx_it.o
LOAD Src\system_stm32f0xx.o
LOAD startup\startup_stm32f030x6.o
START GROUP
LOAD c:/program files (x86)/atollic/truestudio for arm 6.0.0/armtools/bin/../lib/gcc/arm-atollic-eabi/5.3.1/../../../../arm-atollic-eabi/lib/armv6-m\libc.a
LOAD c:/program files (x86)/atollic/truestudio for arm 6.0.0/armtools/bin/../lib/gcc/arm-atollic-eabi/5.3.1/../../../../arm-atollic-eabi/lib/armv6-m\libm.a
END GROUP
                0x00000080                malloc_getpagesize_P = 0x80
START GROUP
LOAD c:/program files (x86)/atollic/truestudio for arm 6.0.0/armtools/bin/../lib/gcc/arm-atollic-eabi/5.3.1/armv6-m\libgcc.a
LOAD c:/program files (x86)/atollic/truestudio for arm 6.0.0/armtools/bin/../lib/gcc/arm-atollic-eabi/5.3.1/../../../../arm-atollic-eabi/lib/armv6-m\libc.a
END GROUP
START GROUP
LOAD c:/program files (x86)/atollic/truestudio for arm 6.0.0/armtools/bin/../lib/gcc/arm-atollic-eabi/5.3.1/armv6-m\libgcc.a
LOAD c:/program files (x86)/atollic/truestudio for arm 6.0.0/armtools/bin/../lib/gcc/arm-atollic-eabi/5.3.1/../../../../arm-atollic-eabi/lib/armv6-m\libc.a
LOAD c:/program files (x86)/atollic/truestudio for arm 6.0.0/armtools/bin/../lib/gcc/arm-atollic-eabi/5.3.1/../../../../arm-atollic-eabi/lib/armv6-m\libnosys.a
END GROUP
LOAD c:/program files (x86)/atollic/truestudio for arm 6.0.0/armtools/bin/../lib/gcc/arm-atollic-eabi/5.3.1/armv6-m/crtend.o
LOAD c:/program files (x86)/atollic/truestudio for arm 6.0.0/armtools/bin/../lib/gcc/arm-atollic-eabi/5.3.1/armv6-m/crtn.o
                0x20001000                _estack = 0x20001000
                0x00000200                _Min_Heap_Size = 0x200
                0x00000400                _Min_Stack_Size = 0x400

.isr_vector     0x08000000       0xc0
                0x08000000                . = ALIGN (0x4)
 *(.isr_vector)
 .isr_vector    0x08000000       0xc0 startup\startup_stm32f030x6.o
                0x08000000                g_pfnVectors
                0x080000c0                . = ALIGN (0x4)

.text           0x080000c0      0xea4
                0x080000c0                . = ALIGN (0x4)
 *(.text)
 .text          0x080000c0       0x48 c:/program files (x86)/atollic/truestudio for arm 6.0.0/armtools/bin/../lib/gcc/arm-atollic-eabi/5.3.1/armv6-m/crtbegin.o
 .text          0x08000108      0x114 c:/program files (x86)/atollic/truestudio for arm 6.0.0/armtools/bin/../lib/gcc/arm-atollic-eabi/5.3.1/armv6-m\libgcc.a(_udivsi3.o)
                0x08000108                __aeabi_uidiv
                0x08000108                __udivsi3
                0x08000214                __aeabi_uidivmod
 .text          0x0800021c        0x4 c:/program files (x86)/atollic/truestudio for arm 6.0.0/armtools/bin/../lib/gcc/arm-atollic-eabi/5.3.1/armv6-m\libgcc.a(_dvmd_tls.o)
                0x0800021c                __aeabi_idiv0
                0x0800021c                __aeabi_ldiv0
 *(.text*)
 .text.HAL_InitTick
                0x08000220       0x24 Drivers\STM32F0xx_HAL_Driver\Src\stm32f0xx_hal.o
                0x08000220                HAL_InitTick
 .text.HAL_Init
                0x08000244       0x20 Drivers\STM32F0xx_HAL_Driver\Src\stm32f0xx_hal.o
                0x08000244                HAL_Init
 .text.HAL_IncTick
                0x08000264       0x10 Drivers\STM32F0xx_HAL_Driver\Src\stm32f0xx_hal.o
                0x08000264                HAL_IncTick
 .text.HAL_GetTick
                0x08000274        0xc Drivers\STM32F0xx_HAL_Driver\Src\stm32f0xx_hal.o
                0x08000274                HAL_GetTick
 .text.HAL_NVIC_SetPriority
                0x08000280       0x60 Drivers\STM32F0xx_HAL_Driver\Src\stm32f0xx_hal_cortex.o
                0x08000280                HAL_NVIC_SetPriority
 .text.HAL_NVIC_EnableIRQ
                0x080002e0       0x14 Drivers\STM32F0xx_HAL_Driver\Src\stm32f0xx_hal_cortex.o
                0x080002e0                HAL_NVIC_EnableIRQ
 .text.HAL_SYSTICK_Config
                0x080002f4       0x34 Drivers\STM32F0xx_HAL_Driver\Src\stm32f0xx_hal_cortex.o
                0x080002f4                HAL_SYSTICK_Config
 .text.HAL_SYSTICK_CLKSourceConfig
                0x08000328       0x1c Drivers\STM32F0xx_HAL_Driver\Src\stm32f0xx_hal_cortex.o
                0x08000328                HAL_SYSTICK_CLKSourceConfig
 .text.HAL_SYSTICK_Callback
                0x08000344        0x2 Drivers\STM32F0xx_HAL_Driver\Src\stm32f0xx_hal_cortex.o
                0x08000344                HAL_SYSTICK_Callback
 .text.HAL_SYSTICK_IRQHandler
                0x08000346        0x8 Drivers\STM32F0xx_HAL_Driver\Src\stm32f0xx_hal_cortex.o
                0x08000346                HAL_SYSTICK_IRQHandler
 *fill*         0x0800034e        0x2 
 .text.HAL_GPIO_Init
                0x08000350      0x15c Drivers\STM32F0xx_HAL_Driver\Src\stm32f0xx_hal_gpio.o
                0x08000350                HAL_GPIO_Init
 .text.HAL_GPIO_ReadPin
                0x080004ac        0xc Drivers\STM32F0xx_HAL_Driver\Src\stm32f0xx_hal_gpio.o
                0x080004ac                HAL_GPIO_ReadPin
 .text.HAL_GPIO_WritePin
                0x080004b8        0xc Drivers\STM32F0xx_HAL_Driver\Src\stm32f0xx_hal_gpio.o
                0x080004b8                HAL_GPIO_WritePin
 .text.HAL_GPIO_TogglePin
                0x080004c4        0x8 Drivers\STM32F0xx_HAL_Driver\Src\stm32f0xx_hal_gpio.o
                0x080004c4                HAL_GPIO_TogglePin
 .text.HAL_GPIO_EXTI_Callback
                0x080004cc        0x2 Drivers\STM32F0xx_HAL_Driver\Src\stm32f0xx_hal_gpio.o
                0x080004cc                HAL_GPIO_EXTI_Callback
 *fill*         0x080004ce        0x2 
 .text.HAL_GPIO_EXTI_IRQHandler
                0x080004d0       0x18 Drivers\STM32F0xx_HAL_Driver\Src\stm32f0xx_hal_gpio.o
                0x080004d0                HAL_GPIO_EXTI_IRQHandler
 .text.HAL_RCC_OscConfig
                0x080004e8      0x3dc Drivers\STM32F0xx_HAL_Driver\Src\stm32f0xx_hal_rcc.o
                0x080004e8                HAL_RCC_OscConfig
 .text.HAL_RCC_GetSysClockFreq
                0x080008c4       0x64 Drivers\STM32F0xx_HAL_Driver\Src\stm32f0xx_hal_rcc.o
                0x080008c4                HAL_RCC_GetSysClockFreq
 .text.HAL_RCC_ClockConfig
                0x08000928      0x12c Drivers\STM32F0xx_HAL_Driver\Src\stm32f0xx_hal_rcc.o
                0x08000928                HAL_RCC_ClockConfig
 .text.HAL_RCC_GetHCLKFreq
                0x08000a54        0xc Drivers\STM32F0xx_HAL_Driver\Src\stm32f0xx_hal_rcc.o
                0x08000a54                HAL_RCC_GetHCLKFreq
 .text.get_iso8859_code
                0x08000a60      0x108 Src\PS2Keyboard.o
 .text.ps2interrupt
                0x08000b68       0x98 Src\PS2Keyboard.o
                0x08000b68                ps2interrupt
 .text.keyboardAvailable
                0x08000c00       0x1e Src\PS2Keyboard.o
                0x08000c00                keyboardAvailable
 .text.keyboardRead
                0x08000c1e       0x52 Src\PS2Keyboard.o
                0x08000c1e                keyboardRead
 .text.keyboardBegin
                0x08000c70       0x30 Src\PS2Keyboard.o
                0x08000c70                keyboardBegin
 .text.interruption
                0x08000ca0       0x10 Src\main.o
                0x08000ca0                interruption
 .text.SystemClock_Config
                0x08000cb0       0x5c Src\main.o
                0x08000cb0                SystemClock_Config
 .text.startup.main
                0x08000d0c       0xb8 Src\main.o
                0x08000d0c                main
 .text.HAL_MspInit
                0x08000dc4       0x50 Src\stm32f0xx_hal_msp.o
                0x08000dc4                HAL_MspInit
 .text.NMI_Handler
                0x08000e14        0x2 Src\stm32f0xx_it.o
                0x08000e14                NMI_Handler
 .text.HardFault_Handler
                0x08000e16        0x2 Src\stm32f0xx_it.o
                0x08000e16                HardFault_Handler
 .text.SVC_Handler
                0x08000e18        0x2 Src\stm32f0xx_it.o
                0x08000e18                SVC_Handler
 .text.PendSV_Handler
                0x08000e1a        0x2 Src\stm32f0xx_it.o
                0x08000e1a                PendSV_Handler
 .text.SysTick_Handler
                0x08000e1c        0xc Src\stm32f0xx_it.o
                0x08000e1c                SysTick_Handler
 .text.EXTI0_1_IRQHandler
                0x08000e28        0xe Src\stm32f0xx_it.o
                0x08000e28                EXTI0_1_IRQHandler
 *fill*         0x08000e36        0x2 
 .text.SystemInit
                0x08000e38       0x60 Src\system_stm32f0xx.o
                0x08000e38                SystemInit
 .text.Reset_Handler
                0x08000e98       0x50 startup\startup_stm32f030x6.o
                0x08000e98                Reset_Handler
 .text.Default_Handler
                0x08000ee8        0x2 startup\startup_stm32f030x6.o
                0x08000ee8                TIM1_CC_IRQHandler
                0x08000ee8                I2C1_IRQHandler
                0x08000ee8                SPI1_IRQHandler
                0x08000ee8                EXTI2_3_IRQHandler
                0x08000ee8                ADC1_IRQHandler
                0x08000ee8                TIM17_IRQHandler
                0x08000ee8                RTC_IRQHandler
                0x08000ee8                TIM16_IRQHandler
                0x08000ee8                TIM3_IRQHandler
                0x08000ee8                EXTI4_15_IRQHandler
                0x08000ee8                RCC_IRQHandler
                0x08000ee8                DMA1_Channel1_IRQHandler
                0x08000ee8                Default_Handler
                0x08000ee8                TIM14_IRQHandler
                0x08000ee8                DMA1_Channel4_5_IRQHandler
                0x08000ee8                WWDG_IRQHandler
                0x08000ee8                DMA1_Channel2_3_IRQHandler
                0x08000ee8                FLASH_IRQHandler
                0x08000ee8                USART1_IRQHandler
                0x08000ee8                TIM1_BRK_UP_TRG_COM_IRQHandler
 *fill*         0x08000eea        0x2 
 .text.__libc_init_array
                0x08000eec       0x4c c:/program files (x86)/atollic/truestudio for arm 6.0.0/armtools/bin/../lib/gcc/arm-atollic-eabi/5.3.1/../../../../arm-atollic-eabi/lib/armv6-m\libc.a(lib_a-init.o)
                0x08000eec                __libc_init_array
 .text.memcpy   0x08000f38       0x12 c:/program files (x86)/atollic/truestudio for arm 6.0.0/armtools/bin/../lib/gcc/arm-atollic-eabi/5.3.1/../../../../arm-atollic-eabi/lib/armv6-m\libc.a(lib_a-memcpy-stub.o)
                0x08000f38                memcpy
 *(.glue_7)
 .glue_7        0x08000f4a        0x0 linker stubs
 *(.glue_7t)
 .glue_7t       0x08000f4a        0x0 linker stubs
 *(.eh_frame)
 *fill*         0x08000f4a        0x2 
 .eh_frame      0x08000f4c        0x0 c:/program files (x86)/atollic/truestudio for arm 6.0.0/armtools/bin/../lib/gcc/arm-atollic-eabi/5.3.1/armv6-m/crtbegin.o
 *(.init)
 .init          0x08000f4c        0x4 c:/program files (x86)/atollic/truestudio for arm 6.0.0/armtools/bin/../lib/gcc/arm-atollic-eabi/5.3.1/armv6-m/crti.o
                0x08000f4c                _init
 .init          0x08000f50        0x8 c:/program files (x86)/atollic/truestudio for arm 6.0.0/armtools/bin/../lib/gcc/arm-atollic-eabi/5.3.1/armv6-m/crtn.o
 *(.fini)
 .fini          0x08000f58        0x4 c:/program files (x86)/atollic/truestudio for arm 6.0.0/armtools/bin/../lib/gcc/arm-atollic-eabi/5.3.1/armv6-m/crti.o
                0x08000f58                _fini
 .fini          0x08000f5c        0x8 c:/program files (x86)/atollic/truestudio for arm 6.0.0/armtools/bin/../lib/gcc/arm-atollic-eabi/5.3.1/armv6-m/crtn.o
                0x08000f64                . = ALIGN (0x4)
                0x08000f64                _etext = .

.vfp11_veneer   0x08000f64        0x0
 .vfp11_veneer  0x08000f64        0x0 linker stubs

.v4_bx          0x08000f64        0x0
 .v4_bx         0x08000f64        0x0 linker stubs

.iplt           0x08000f64        0x0
 .iplt          0x08000f64        0x0 c:/program files (x86)/atollic/truestudio for arm 6.0.0/armtools/bin/../lib/gcc/arm-atollic-eabi/5.3.1/armv6-m/crtbegin.o

.rodata         0x08000f64      0x200
                0x08000f64                . = ALIGN (0x4)
 *(.rodata)
 .rodata        0x08000f64       0x20 Drivers\STM32F0xx_HAL_Driver\Src\stm32f0xx_hal_rcc.o
 *(.rodata*)
 .rodata.PS2Keymap_US
                0x08000f84      0x19c Src\PS2Keyboard.o
                0x08000f84                PS2Keymap_US
 .rodata.CSWTCH.21
                0x08001120       0x34 Src\PS2Keyboard.o
 .rodata.AHBPrescTable
                0x08001154       0x10 Src\system_stm32f0xx.o
                0x08001154                AHBPrescTable
                0x08001164                . = ALIGN (0x4)

.rel.dyn        0x08001164        0x0
 .rel.iplt      0x08001164        0x0 c:/program files (x86)/atollic/truestudio for arm 6.0.0/armtools/bin/../lib/gcc/arm-atollic-eabi/5.3.1/armv6-m/crtbegin.o

.ARM.extab
 *(.ARM.extab* .gnu.linkonce.armextab.*)

.ARM            0x08001164        0x0
                0x08001164                __exidx_start = .
 *(.ARM.exidx*)
                0x08001164                __exidx_end = .

.preinit_array  0x08001164        0x0
                0x08001164                PROVIDE (__preinit_array_start, .)
 *(.preinit_array*)
                0x08001164                PROVIDE (__preinit_array_end, .)

.init_array     0x08001164        0x4
                0x08001164                PROVIDE (__init_array_start, .)
 *(SORT(.init_array.*))
 *(.init_array*)
 .init_array    0x08001164        0x4 c:/program files (x86)/atollic/truestudio for arm 6.0.0/armtools/bin/../lib/gcc/arm-atollic-eabi/5.3.1/armv6-m/crtbegin.o
                0x08001168                PROVIDE (__init_array_end, .)

.fini_array     0x08001168        0x4
                [!provide]                PROVIDE (__fini_array_start, .)
 *(SORT(.fini_array.*))
 *(.fini_array*)
 .fini_array    0x08001168        0x4 c:/program files (x86)/atollic/truestudio for arm 6.0.0/armtools/bin/../lib/gcc/arm-atollic-eabi/5.3.1/armv6-m/crtbegin.o
                [!provide]                PROVIDE (__fini_array_end, .)
                0x0800116c                _sidata = LOADADDR (.data)

.data           0x20000000        0x4 load address 0x0800116c
                0x20000000                . = ALIGN (0x4)
                0x20000000                _sdata = .
 *(.data)
 *(.data*)
 .data.SystemCoreClock
                0x20000000        0x4 Src\system_stm32f0xx.o
                0x20000000                SystemCoreClock
                0x20000004                . = ALIGN (0x4)
                0x20000004                _edata = .

.igot.plt       0x20000004        0x0 load address 0x08001170
 .igot.plt      0x20000004        0x0 c:/program files (x86)/atollic/truestudio for arm 6.0.0/armtools/bin/../lib/gcc/arm-atollic-eabi/5.3.1/armv6-m/crtbegin.o
                0x20000004                . = ALIGN (0x4)

.bss            0x20000004       0x6c load address 0x08001170
                0x20000004                _sbss = .
                0x20000004                __bss_start__ = _sbss
 *(.bss)
 .bss           0x20000004       0x1c c:/program files (x86)/atollic/truestudio for arm 6.0.0/armtools/bin/../lib/gcc/arm-atollic-eabi/5.3.1/armv6-m/crtbegin.o
 *(.bss*)
 .bss.prev_ms.6261
                0x20000020        0x4 Src\PS2Keyboard.o
 .bss.incoming.6260
                0x20000024        0x1 Src\PS2Keyboard.o
 .bss.bitcount.6259
                0x20000025        0x1 Src\PS2Keyboard.o
 .bss.state.6275
                0x20000026        0x1 Src\PS2Keyboard.o
 *(COMMON)
 *fill*         0x20000027        0x1 
 COMMON         0x20000028        0x4 Drivers\STM32F0xx_HAL_Driver\Src\stm32f0xx_hal.o
                0x20000028                uwTick
 COMMON         0x2000002c       0x44 Src\main.o
                0x2000002c                keyboard
                0x20000070                . = ALIGN (0x4)
                0x20000070                _ebss = .
                0x20000070                __bss_end__ = _ebss

._user_heap_stack
                0x20000070      0x600 load address 0x08001170
                0x20000070                . = ALIGN (0x4)
                [!provide]                PROVIDE (end, .)
                [!provide]                PROVIDE (_end, .)
                0x20000270                . = (. + _Min_Heap_Size)
 *fill*         0x20000070      0x200 
                0x20000670                . = (. + _Min_Stack_Size)
 *fill*         0x20000270      0x400 
                0x20000670                . = ALIGN (0x4)

/DISCARD/
 libc.a(*)
 libm.a(*)
 libgcc.a(*)

.ARM.attributes
                0x00000000       0x28
 *(.ARM.attributes)
 .ARM.attributes
                0x00000000       0x1e c:/program files (x86)/atollic/truestudio for arm 6.0.0/armtools/bin/../lib/gcc/arm-atollic-eabi/5.3.1/armv6-m/crti.o
 .ARM.attributes
                0x0000001e       0x2c c:/program files (x86)/atollic/truestudio for arm 6.0.0/armtools/bin/../lib/gcc/arm-atollic-eabi/5.3.1/armv6-m/crtbegin.o
 .ARM.attributes
                0x0000004a       0x31 Drivers\STM32F0xx_HAL_Driver\Src\stm32f0xx_hal.o
 .ARM.attributes
                0x0000007b       0x31 Drivers\STM32F0xx_HAL_Driver\Src\stm32f0xx_hal_cortex.o
 .ARM.attributes
                0x000000ac       0x31 Drivers\STM32F0xx_HAL_Driver\Src\stm32f0xx_hal_gpio.o
 .ARM.attributes
                0x000000dd       0x31 Drivers\STM32F0xx_HAL_Driver\Src\stm32f0xx_hal_rcc.o
 .ARM.attributes
                0x0000010e       0x31 Src\PS2Keyboard.o
 .ARM.attributes
                0x0000013f       0x31 Src\main.o
 .ARM.attributes
                0x00000170       0x31 Src\stm32f0xx_hal_msp.o
 .ARM.attributes
                0x000001a1       0x31 Src\stm32f0xx_it.o
 .ARM.attributes
                0x000001d2       0x31 Src\system_stm32f0xx.o
 .ARM.attributes
                0x00000203       0x21 startup\startup_stm32f030x6.o
 .ARM.attributes
                0x00000224       0x2c c:/program files (x86)/atollic/truestudio for arm 6.0.0/armtools/bin/../lib/gcc/arm-atollic-eabi/5.3.1/../../../../arm-atollic-eabi/lib/armv6-m\libc.a(lib_a-init.o)
 .ARM.attributes
                0x00000250       0x2c c:/program files (x86)/atollic/truestudio for arm 6.0.0/armtools/bin/../lib/gcc/arm-atollic-eabi/5.3.1/../../../../arm-atollic-eabi/lib/armv6-m\libc.a(lib_a-memcpy-stub.o)
 .ARM.attributes
                0x0000027c       0x1e c:/program files (x86)/atollic/truestudio for arm 6.0.0/armtools/bin/../lib/gcc/arm-atollic-eabi/5.3.1/armv6-m\libgcc.a(_udivsi3.o)
 .ARM.attributes
                0x0000029a       0x1e c:/program files (x86)/atollic/truestudio for arm 6.0.0/armtools/bin/../lib/gcc/arm-atollic-eabi/5.3.1/armv6-m\libgcc.a(_dvmd_tls.o)
 .ARM.attributes
                0x000002b8       0x1e c:/program files (x86)/atollic/truestudio for arm 6.0.0/armtools/bin/../lib/gcc/arm-atollic-eabi/5.3.1/armv6-m/crtn.o
OUTPUT(m0.elf elf32-littlearm)

.debug_info     0x00000000     0x32a6
 .debug_info    0x00000000      0x5af Drivers\STM32F0xx_HAL_Driver\Src\stm32f0xx_hal.o
 .debug_info    0x000005af      0x775 Drivers\STM32F0xx_HAL_Driver\Src\stm32f0xx_hal_cortex.o
 .debug_info    0x00000d24      0x5d7 Drivers\STM32F0xx_HAL_Driver\Src\stm32f0xx_hal_gpio.o
 .debug_info    0x000012fb      0x95f Drivers\STM32F0xx_HAL_Driver\Src\stm32f0xx_hal_rcc.o
 .debug_info    0x00001c5a      0x609 Src\PS2Keyboard.o
 .debug_info    0x00002263      0x90f Src\main.o
 .debug_info    0x00002b72      0x2b1 Src\stm32f0xx_hal_msp.o
 .debug_info    0x00002e23      0x1c6 Src\stm32f0xx_it.o
 .debug_info    0x00002fe9      0x247 Src\system_stm32f0xx.o
 .debug_info    0x00003230       0x76 startup\startup_stm32f030x6.o

.debug_abbrev   0x00000000     0x106e
 .debug_abbrev  0x00000000      0x206 Drivers\STM32F0xx_HAL_Driver\Src\stm32f0xx_hal.o
 .debug_abbrev  0x00000206      0x273 Drivers\STM32F0xx_HAL_Driver\Src\stm32f0xx_hal_cortex.o
 .debug_abbrev  0x00000479      0x1de Drivers\STM32F0xx_HAL_Driver\Src\stm32f0xx_hal_gpio.o
 .debug_abbrev  0x00000657      0x251 Drivers\STM32F0xx_HAL_Driver\Src\stm32f0xx_hal_rcc.o
 .debug_abbrev  0x000008a8      0x237 Src\PS2Keyboard.o
 .debug_abbrev  0x00000adf      0x269 Src\main.o
 .debug_abbrev  0x00000d48       0xfe Src\stm32f0xx_hal_msp.o
 .debug_abbrev  0x00000e46      0x126 Src\stm32f0xx_it.o
 .debug_abbrev  0x00000f6c       0xf0 Src\system_stm32f0xx.o
 .debug_abbrev  0x0000105c       0x12 startup\startup_stm32f030x6.o

.debug_loc      0x00000000     0x109f
 .debug_loc     0x00000000       0x7c Drivers\STM32F0xx_HAL_Driver\Src\stm32f0xx_hal.o
 .debug_loc     0x0000007c      0x3da Drivers\STM32F0xx_HAL_Driver\Src\stm32f0xx_hal_cortex.o
 .debug_loc     0x00000456      0x2c5 Drivers\STM32F0xx_HAL_Driver\Src\stm32f0xx_hal_gpio.o
 .debug_loc     0x0000071b      0x460 Drivers\STM32F0xx_HAL_Driver\Src\stm32f0xx_hal_rcc.o
 .debug_loc     0x00000b7b      0x40a Src\PS2Keyboard.o
 .debug_loc     0x00000f85       0x13 Src\main.o
 .debug_loc     0x00000f98      0x107 Src\system_stm32f0xx.o

.debug_aranges  0x00000000      0x338
 .debug_aranges
                0x00000000       0xb0 Drivers\STM32F0xx_HAL_Driver\Src\stm32f0xx_hal.o
 .debug_aranges
                0x000000b0       0x78 Drivers\STM32F0xx_HAL_Driver\Src\stm32f0xx_hal_cortex.o
 .debug_aranges
                0x00000128       0x58 Drivers\STM32F0xx_HAL_Driver\Src\stm32f0xx_hal_gpio.o
 .debug_aranges
                0x00000180       0x80 Drivers\STM32F0xx_HAL_Driver\Src\stm32f0xx_hal_rcc.o
 .debug_aranges
                0x00000200       0x58 Src\PS2Keyboard.o
 .debug_aranges
                0x00000258       0x38 Src\main.o
 .debug_aranges
                0x00000290       0x20 Src\stm32f0xx_hal_msp.o
 .debug_aranges
                0x000002b0       0x38 Src\stm32f0xx_it.o
 .debug_aranges
                0x000002e8       0x28 Src\system_stm32f0xx.o
 .debug_aranges
                0x00000310       0x28 startup\startup_stm32f030x6.o

.debug_ranges   0x00000000      0x418
 .debug_ranges  0x00000000       0xa0 Drivers\STM32F0xx_HAL_Driver\Src\stm32f0xx_hal.o
 .debug_ranges  0x000000a0       0xe8 Drivers\STM32F0xx_HAL_Driver\Src\stm32f0xx_hal_cortex.o
 .debug_ranges  0x00000188       0x68 Drivers\STM32F0xx_HAL_Driver\Src\stm32f0xx_hal_gpio.o
 .debug_ranges  0x000001f0       0xb8 Drivers\STM32F0xx_HAL_Driver\Src\stm32f0xx_hal_rcc.o
 .debug_ranges  0x000002a8       0x68 Src\PS2Keyboard.o
 .debug_ranges  0x00000310       0x58 Src\main.o
 .debug_ranges  0x00000368       0x50 Src\stm32f0xx_hal_msp.o
 .debug_ranges  0x000003b8       0x28 Src\stm32f0xx_it.o
 .debug_ranges  0x000003e0       0x18 Src\system_stm32f0xx.o
 .debug_ranges  0x000003f8       0x20 startup\startup_stm32f030x6.o

.debug_line     0x00000000     0x1ac9
 .debug_line    0x00000000      0x38f Drivers\STM32F0xx_HAL_Driver\Src\stm32f0xx_hal.o
 .debug_line    0x0000038f      0x342 Drivers\STM32F0xx_HAL_Driver\Src\stm32f0xx_hal_cortex.o
 .debug_line    0x000006d1      0x35d Drivers\STM32F0xx_HAL_Driver\Src\stm32f0xx_hal_gpio.o
 .debug_line    0x00000a2e      0x549 Drivers\STM32F0xx_HAL_Driver\Src\stm32f0xx_hal_rcc.o
 .debug_line    0x00000f77      0x305 Src\PS2Keyboard.o
 .debug_line    0x0000127c      0x287 Src\main.o
 .debug_line    0x00001503      0x1b9 Src\stm32f0xx_hal_msp.o
 .debug_line    0x000016bc      0x1e0 Src\stm32f0xx_it.o
 .debug_line    0x0000189c      0x1aa Src\system_stm32f0xx.o
 .debug_line    0x00001a46       0x83 startup\startup_stm32f030x6.o

.debug_str      0x00000000      0xef4
 .debug_str     0x00000000      0x546 Drivers\STM32F0xx_HAL_Driver\Src\stm32f0xx_hal.o
                                0x593 (size before relaxing)
 .debug_str     0x00000546      0x1f8 Drivers\STM32F0xx_HAL_Driver\Src\stm32f0xx_hal_cortex.o
                                0x5a7 (size before relaxing)
 .debug_str     0x0000073e      0x1cc Drivers\STM32F0xx_HAL_Driver\Src\stm32f0xx_hal_gpio.o
                                0x401 (size before relaxing)
 .debug_str     0x0000090a      0x31d Drivers\STM32F0xx_HAL_Driver\Src\stm32f0xx_hal_rcc.o
                                0x61f (size before relaxing)
 .debug_str     0x00000c27      0x189 Src\PS2Keyboard.o
                                0x3b2 (size before relaxing)
 .debug_str     0x00000db0       0x69 Src\main.o
                                0x70d (size before relaxing)
 .debug_str     0x00000e19       0x27 Src\stm32f0xx_hal_msp.o
                                0x35c (size before relaxing)
 .debug_str     0x00000e40       0x5a Src\stm32f0xx_it.o
                                0x267 (size before relaxing)
 .debug_str     0x00000e9a       0x5a Src\system_stm32f0xx.o
                                0x265 (size before relaxing)

.comment        0x00000000       0x7e
 .comment       0x00000000       0x7e Drivers\STM32F0xx_HAL_Driver\Src\stm32f0xx_hal.o
                                 0x7f (size before relaxing)
 .comment       0x0000007e       0x7f Drivers\STM32F0xx_HAL_Driver\Src\stm32f0xx_hal_cortex.o
 .comment       0x0000007e       0x7f Drivers\STM32F0xx_HAL_Driver\Src\stm32f0xx_hal_gpio.o
 .comment       0x0000007e       0x7f Drivers\STM32F0xx_HAL_Driver\Src\stm32f0xx_hal_rcc.o
 .comment       0x0000007e       0x7f Src\PS2Keyboard.o
 .comment       0x0000007e       0x7f Src\main.o
 .comment       0x0000007e       0x7f Src\stm32f0xx_hal_msp.o
 .comment       0x0000007e       0x7f Src\stm32f0xx_it.o
 .comment       0x0000007e       0x7f Src\system_stm32f0xx.o

.debug_frame    0x00000000      0x6f8
 .debug_frame   0x00000000      0x178 Drivers\STM32F0xx_HAL_Driver\Src\stm32f0xx_hal.o
 .debug_frame   0x00000178       0xe4 Drivers\STM32F0xx_HAL_Driver\Src\stm32f0xx_hal_cortex.o
 .debug_frame   0x0000025c       0xc0 Drivers\STM32F0xx_HAL_Driver\Src\stm32f0xx_hal_gpio.o
 .debug_frame   0x0000031c      0x130 Drivers\STM32F0xx_HAL_Driver\Src\stm32f0xx_hal_rcc.o
 .debug_frame   0x0000044c       0xdc Src\PS2Keyboard.o
 .debug_frame   0x00000528       0x74 Src\main.o
 .debug_frame   0x0000059c       0x2c Src\stm32f0xx_hal_msp.o
 .debug_frame   0x000005c8       0x80 Src\stm32f0xx_it.o
 .debug_frame   0x00000648       0x3c Src\system_stm32f0xx.o
 .debug_frame   0x00000684       0x2c c:/program files (x86)/atollic/truestudio for arm 6.0.0/armtools/bin/../lib/gcc/arm-atollic-eabi/5.3.1/../../../../arm-atollic-eabi/lib/armv6-m\libc.a(lib_a-init.o)
 .debug_frame   0x000006b0       0x28 c:/program files (x86)/atollic/truestudio for arm 6.0.0/armtools/bin/../lib/gcc/arm-atollic-eabi/5.3.1/../../../../arm-atollic-eabi/lib/armv6-m\libc.a(lib_a-memcpy-stub.o)
 .debug_frame   0x000006d8       0x20 c:/program files (x86)/atollic/truestudio for arm 6.0.0/armtools/bin/../lib/gcc/arm-atollic-eabi/5.3.1/armv6-m\libgcc.a(_udivsi3.o)
